../Core/Src/lis2dw12.c:9:13:CS_Low	8	static
../Core/Src/lis2dw12.c:13:13:CS_High	8	static
../Core/Src/lis2dw12.c:17:16:SPI_Write	24	static
../Core/Src/lis2dw12.c:27:16:SPI_Read	32	static
../Core/Src/lis2dw12.c:38:9:LIS2DW12_Init	24	static
../Core/Src/lis2dw12.c:65:9:LIS2DW12_SetScale	24	static
../Core/Src/lis2dw12.c:97:9:LIS2DW12_SetODR	24	static
../Core/Src/lis2dw12.c:114:9:LIS2DW12_ReadAccel	32	static
../Core/Src/lis2dw12.c:133:9:LIS2DW12_ReadID	24	static
../Core/Src/lis2dw12.c:143:9:LIS2DW12_ReadTemp	24	static
