../Core/Src/main.c:72:6:__io_putchar	16	static
../Core/Src/main.c:86:5:main	48	static
../Core/Src/main.c:193:6:SystemClock_Config	120	static
../Core/Src/main.c:252:13:MX_GPDMA1_Init	16	static
../Core/Src/main.c:304:13:MX_SBS_Init	4	static
../Core/Src/main.c:325:13:MX_SPI1_Init	8	static
../Core/Src/main.c:373:13:MX_USART2_UART_Init	8	static
../Core/Src/main.c:421:13:MX_USART3_UART_Init	8	static
../Core/Src/main.c:475:13:MX_GPIO_Init	40	static
../Core/Src/main.c:518:6:Error_Handler	4	static,ignoring_inline_asm
